127.0.0.1 - - [15/Nov/2017:09:56:54 -0600] "GET / HTTP/1.1" 404 1073
127.0.0.1 - - [15/Nov/2017:10:02:58 -0600] "GET / HTTP/1.1" 404 1073
0:0:0:0:0:0:0:1 - - [15/Nov/2017:10:03:19 -0600] "GET /messenger/webapi/profiles/ HTTP/1.1" 200 69
0:0:0:0:0:0:0:1 - - [15/Nov/2017:10:03:46 -0600] "GET /messenger/webapi/profiles/mukund HTTP/1.1" 200 67
0:0:0:0:0:0:0:1 - - [15/Nov/2017:10:04:42 -0600] "POST /messenger/webapi/profiles/ HTTP/1.1" 200 68
0:0:0:0:0:0:0:1 - - [15/Nov/2017:10:04:49 -0600] "POST /messenger/webapi/profiles/ HTTP/1.1" 200 71
0:0:0:0:0:0:0:1 - - [15/Nov/2017:10:04:55 -0600] "GET /messenger/webapi/profiles/ HTTP/1.1" 200 210
0:0:0:0:0:0:0:1 - - [15/Nov/2017:10:05:09 -0600] "GET /messenger/webapi/profiles/admin2 HTTP/1.1" 200 71
0:0:0:0:0:0:0:1 - - [15/Nov/2017:10:05:40 -0600] "PUT /messenger/webapi/profiles/admin2 HTTP/1.1" 400 1163
0:0:0:0:0:0:0:1 - - [15/Nov/2017:10:05:54 -0600] "GET /messenger/webapi/profiles/admin2 HTTP/1.1" 200 71
0:0:0:0:0:0:0:1 - - [15/Nov/2017:10:18:54 -0600] "GET /messenger/webapi/profiles/admin2 HTTP/1.1" 200 71
0:0:0:0:0:0:0:1 - - [15/Nov/2017:10:20:05 -0600] "PUT /messenger/webapi/profiles/admin2 HTTP/1.1" 500 4191
127.0.0.1 - - [15/Nov/2017:10:24:44 -0600] "GET / HTTP/1.1" 404 1073
0:0:0:0:0:0:0:1 - - [15/Nov/2017:10:24:50 -0600] "GET /messenger/webapi/profiles/admin2 HTTP/1.1" 204 -
0:0:0:0:0:0:0:1 - - [15/Nov/2017:10:24:58 -0600] "GET /messenger/webapi/profiles/ HTTP/1.1" 200 69
0:0:0:0:0:0:0:1 - - [15/Nov/2017:10:25:17 -0600] "GET /messenger/webapi/profiles/mukund HTTP/1.1" 200 67
0:0:0:0:0:0:0:1 - - [15/Nov/2017:10:25:55 -0600] "POST /messenger/webapi/profiles/mukund HTTP/1.1" 405 1093
0:0:0:0:0:0:0:1 - - [15/Nov/2017:10:26:15 -0600] "GET /messenger/webapi/profiles/ HTTP/1.1" 200 69
0:0:0:0:0:0:0:1 - - [15/Nov/2017:10:29:42 -0600] "GET /messenger/webapi/profiles/ HTTP/1.1" 200 69
0:0:0:0:0:0:0:1 - - [15/Nov/2017:10:29:48 -0600] "GET /messenger/webapi/profiles/mukund HTTP/1.1" 200 67
0:0:0:0:0:0:0:1 - - [15/Nov/2017:10:30:59 -0600] "POST /messenger/webapi/profiles HTTP/1.1" 200 68
0:0:0:0:0:0:0:1 - - [15/Nov/2017:10:31:21 -0600] "POST /messenger/webapi/profiles HTTP/1.1" 200 71
0:0:0:0:0:0:0:1 - - [15/Nov/2017:10:31:30 -0600] "GET /messenger/webapi/profiles HTTP/1.1" 200 210
0:0:0:0:0:0:0:1 - - [15/Nov/2017:10:31:46 -0600] "GET /messenger/webapi/profiles/admin2 HTTP/1.1" 200 71
0:0:0:0:0:0:0:1 - - [15/Nov/2017:10:32:22 -0600] "PUT /messenger/webapi/profiles/admin2 HTTP/1.1" 200 79
0:0:0:0:0:0:0:1 - - [15/Nov/2017:10:32:32 -0600] "GET /messenger/webapi/profiles/admin2 HTTP/1.1" 200 79
0:0:0:0:0:0:0:1 - - [15/Nov/2017:10:32:45 -0600] "GET /messenger/webapi/profiles HTTP/1.1" 200 218
0:0:0:0:0:0:0:1 - - [15/Nov/2017:10:33:07 -0600] "GET /messenger/webapi/profiles/admin2 HTTP/1.1" 200 79
0:0:0:0:0:0:0:1 - - [15/Nov/2017:10:33:36 -0600] "DELETE /messenger/webapi/profiles/admin2 HTTP/1.1" 204 -
0:0:0:0:0:0:0:1 - - [15/Nov/2017:10:33:44 -0600] "GET /messenger/webapi/profiles/ HTTP/1.1" 200 138
127.0.0.1 - - [15/Nov/2017:11:00:41 -0600] "GET / HTTP/1.1" 404 1073
0:0:0:0:0:0:0:1 - - [15/Nov/2017:11:00:54 -0600] "GET /messenger/webapi/messages/ HTTP/1.1" 200 169
127.0.0.1 - - [15/Nov/2017:11:09:50 -0600] "GET / HTTP/1.1" 404 1073
0:0:0:0:0:0:0:1 - - [15/Nov/2017:11:48:19 -0600] "GET /messenger/webapi/messages/ HTTP/1.1" 200 169
0:0:0:0:0:0:0:1 - - [15/Nov/2017:11:48:34 -0600] "GET /messenger/webapi/messages?year=2017 HTTP/1.1" 200 169
0:0:0:0:0:0:0:1 - - [15/Nov/2017:11:48:39 -0600] "GET /messenger/webapi/messages?year=2018 HTTP/1.1" 200 2
127.0.0.1 - - [15/Nov/2017:11:51:21 -0600] "GET / HTTP/1.1" 404 1073
0:0:0:0:0:0:0:1 - - [15/Nov/2017:11:51:30 -0600] "GET /messenger/webapi/messages HTTP/1.1" 200 169
127.0.0.1 - - [15/Nov/2017:11:52:02 -0600] "GET / HTTP/1.1" 404 1073
127.0.0.1 - - [15/Nov/2017:11:53:36 -0600] "GET / HTTP/1.1" 404 1073
0:0:0:0:0:0:0:1 - - [15/Nov/2017:11:53:53 -0600] "GET /messenger/webapi/messages?start=0&size=1 HTTP/1.1" 200 84
0:0:0:0:0:0:0:1 - - [15/Nov/2017:11:54:01 -0600] "GET /messenger/webapi/messages?start=0&size=2 HTTP/1.1" 200 169
127.0.0.1 - - [15/Nov/2017:14:07:58 -0600] "GET / HTTP/1.1" 404 1073
0:0:0:0:0:0:0:1 - - [15/Nov/2017:14:08:16 -0600] "GET /messenger/webapi/injectdemo/annotations HTTP/1.1" 415 1134
0:0:0:0:0:0:0:1 - - [15/Nov/2017:14:08:43 -0600] "GET /messenger/webapi/messages HTTP/1.1" 200 2
0:0:0:0:0:0:0:1 - - [15/Nov/2017:14:08:48 -0600] "GET /messenger/webapi/profiles HTTP/1.1" 200 69
0:0:0:0:0:0:0:1 - - [15/Nov/2017:14:08:56 -0600] "GET /messenger/webapi/injectdemo HTTP/1.1" 404 1081
0:0:0:0:0:0:0:1 - - [15/Nov/2017:14:09:07 -0600] "GET /messenger/webapi/injectdemo HTTP/1.1" 404 1081
127.0.0.1 - - [15/Nov/2017:14:12:05 -0600] "GET / HTTP/1.1" 404 1073
0:0:0:0:0:0:0:1 - - [15/Nov/2017:14:12:09 -0600] "GET /messenger/webapi/injectdemo HTTP/1.1" 404 1081
0:0:0:0:0:0:0:1 - - [15/Nov/2017:14:12:14 -0600] "GET /messenger/webapi/injectdemo HTTP/1.1" 404 1081
0:0:0:0:0:0:0:1 - - [15/Nov/2017:14:12:45 -0600] "GET /messenger/webapi/injectdemo/annotations HTTP/1.1" 200 4
0:0:0:0:0:0:0:1 - - [15/Nov/2017:14:12:59 -0600] "GET /messenger/webapi/injectdemo/annotations HTTP/1.1" 200 4
127.0.0.1 - - [15/Nov/2017:14:16:53 -0600] "GET / HTTP/1.1" 404 1073
0:0:0:0:0:0:0:1 - - [15/Nov/2017:14:16:57 -0600] "GET /messenger/webapi/injectdemo/annotations HTTP/1.1" 415 1134
0:0:0:0:0:0:0:1 - - [15/Nov/2017:14:17:01 -0600] "GET /messenger/webapi/injectdemo/annotations HTTP/1.1" 415 1134
0:0:0:0:0:0:0:1 - - [15/Nov/2017:14:17:05 -0600] "GET /messenger/webapi/injectdemo/annotations HTTP/1.1" 200 4
127.0.0.1 - - [15/Nov/2017:14:27:09 -0600] "GET / HTTP/1.1" 404 1073
0:0:0:0:0:0:0:1 - - [15/Nov/2017:14:28:06 -0600] "GET /messenger/webapi/injectdemo/annotations HTTP/1.1" 204 -
0:0:0:0:0:0:0:1 - - [15/Nov/2017:14:28:14 -0600] "GET /messenger/webapi/injectdemo/annotations:param=value HTTP/1.1" 404 1081
0:0:0:0:0:0:0:1 - - [15/Nov/2017:14:28:20 -0600] "GET /messenger/webapi/injectdemo/annotations:param=value HTTP/1.1" 404 1081
0:0:0:0:0:0:0:1 - - [15/Nov/2017:14:29:28 -0600] "GET /messenger/webapi/injectdemo/annotations HTTP/1.1" 204 -
0:0:0:0:0:0:0:1 - - [15/Nov/2017:14:29:40 -0600] "GET /messenger/webapi/injectdemo/annotations HTTP/1.1" 415 1134
0:0:0:0:0:0:0:1 - - [15/Nov/2017:14:29:49 -0600] "GET /messenger/webapi/injectdemo/annotations:param=value HTTP/1.1" 404 1081
0:0:0:0:0:0:0:1 - - [15/Nov/2017:14:29:52 -0600] "GET /messenger/webapi/injectdemo/annotations:param=value HTTP/1.1" 404 1081
0:0:0:0:0:0:0:1 - - [15/Nov/2017:14:31:15 -0600] "GET /messenger/webapi/injectdemo/annotations:param=value HTTP/1.1" 404 1081
127.0.0.1 - - [15/Nov/2017:14:32:34 -0600] "GET / HTTP/1.1" 404 1073
0:0:0:0:0:0:0:1 - - [15/Nov/2017:14:33:55 -0600] "GET /messenger/webapi/injectdemo/annotations;param=value HTTP/1.1" 200 19
127.0.0.1 - - [15/Nov/2017:14:34:31 -0600] "GET / HTTP/1.1" 404 1073
0:0:0:0:0:0:0:1 - - [15/Nov/2017:14:34:59 -0600] "GET /messenger/webapi/injectdemo/annotations;param=value HTTP/1.1" 200 19
0:0:0:0:0:0:0:1 - - [15/Nov/2017:14:35:02 -0600] "GET /messenger/webapi/injectdemo/annotations;param=value HTTP/1.1" 200 19
127.0.0.1 - - [15/Nov/2017:14:46:31 -0600] "GET / HTTP/1.1" 404 1073
0:0:0:0:0:0:0:1 - - [15/Nov/2017:14:47:06 -0600] "GET /messenger/webapi/injectdemo/annotations;param=value HTTP/1.1" 200 40
0:0:0:0:0:0:0:1 - - [15/Nov/2017:14:47:32 -0600] "GET /messenger/webapi/injectdemo/annotations;param=value HTTP/1.1" 200 40
127.0.0.1 - - [15/Nov/2017:14:51:58 -0600] "GET / HTTP/1.1" 404 1073
0:0:0:0:0:0:0:1 - - [15/Nov/2017:14:52:03 -0600] "GET /messenger/webapi/injectdemo/annotations;param=value HTTP/1.1" 200 54
127.0.0.1 - - [15/Nov/2017:15:20:02 -0600] "GET / HTTP/1.1" 404 1073
0:0:0:0:0:0:0:1 - - [15/Nov/2017:15:20:24 -0600] "GET /messenger/webapi/injectdemo/context HTTP/1.1" 200 62
127.0.0.1 - - [15/Nov/2017:15:23:02 -0600] "GET / HTTP/1.1" 404 1073
0:0:0:0:0:0:0:1 - - [15/Nov/2017:15:23:06 -0600] "GET /messenger/webapi/injectdemo/context HTTP/1.1" 200 76
127.0.0.1 - - [15/Nov/2017:15:51:43 -0600] "GET / HTTP/1.1" 404 1073
0:0:0:0:0:0:0:1 - - [15/Nov/2017:15:52:34 -0600] "GET /messenger/webapi/messages/2/comments HTTP/1.1" 200 4
127.0.0.1 - - [15/Nov/2017:16:08:01 -0600] "GET / HTTP/1.1" 404 1073
0:0:0:0:0:0:0:1 - - [15/Nov/2017:16:08:05 -0600] "GET /messenger/webapi/messages/2/comments HTTP/1.1" 200 12
127.0.0.1 - - [15/Nov/2017:16:11:34 -0600] "GET / HTTP/1.1" 404 1073
0:0:0:0:0:0:0:1 - - [15/Nov/2017:16:11:40 -0600] "GET /messenger/webapi/messages/2/comments HTTP/1.1" 200 12
0:0:0:0:0:0:0:1 - - [15/Nov/2017:16:11:44 -0600] "GET /messenger/webapi/messages/2/comments/1 HTTP/1.1" 200 8
127.0.0.1 - - [15/Nov/2017:16:15:36 -0600] "GET / HTTP/1.1" 404 1073
0:0:0:0:0:0:0:1 - - [15/Nov/2017:16:15:50 -0600] "GET /messenger/webapi/messages/2/comments/10 HTTP/1.1" 200 14
0:0:0:0:0:0:0:1 - - [15/Nov/2017:16:16:12 -0600] "GET /messenger/webapi/messages/21/comments/10 HTTP/1.1" 200 14
127.0.0.1 - - [15/Nov/2017:16:17:23 -0600] "GET / HTTP/1.1" 404 1073
0:0:0:0:0:0:0:1 - - [15/Nov/2017:16:17:48 -0600] "GET /messenger/webapi/messages/21/comments/10 HTTP/1.1" 200 29
0:0:0:0:0:0:0:1 - - [15/Nov/2017:16:17:52 -0600] "GET /messenger/webapi/messages/1/comments/10 HTTP/1.1" 200 28
127.0.0.1 - - [15/Nov/2017:16:49:44 -0600] "GET / HTTP/1.1" 404 1073
